cargo : warning: 
profiles for the non 
root package will be 
ignored, specify 
profiles at the 
workspace root:
At line:1 char:1
+ cargo check --tests 
-p remittance_split 2> 
errors.txt; type 
errors.tx ...
+ ~~~~~~~~~~~~~~~~~~~~~~
~~~~~~~~~~~~~~~~~~~~~~~~
~~~~~~~
    + CategoryInfo      
        : NotSpecified  
  : (warning: profil.   
 ..workspace root::S    
tring) [], RemoteEx    
ception
    + FullyQualifiedErr 
   orId : NativeComman  
  dError
 
package:   C:\Users\ADMI
N\Desktop\remmy-drips\Re
mitwise-Contracts\orches
trator\Cargo.toml
workspace: C:\Users\ADMI
N\Desktop\remmy-drips\Re
mitwise-Contracts\Cargo.
toml
    Checking 
remittance_split v0.1.0 
(C:\Users\ADMIN\Desktop\
remmy-drips\Remitwise-Co
ntracts\remittance_split
)
error: expected 
expression, found `,`
    --> remittance_split
\src\lib.rs:1074:54
     |
1074 |         let 
result = client.initiali
ze_split(&owner, , &Addr
ess::generate(&env), 
&50, &30, &15, &5);
     |                  
                        
            ^ expected 
expression

error: expected 
expression, found `,`
    --> remittance_split
\src\lib.rs:1091:41
     |
1091 |         client.in
itialize_split(&owner, 
, &Address::generate(&en
v), &40, &30, &20, &10);
     |                  
                       
^ expected expression

error: expected 
expression, found `,`
    --> remittance_split
\src\lib.rs:1118:41
     |
1118 |         client.in
itialize_split(&owner, 
, &Address::generate(&en
v), &50, &25, &15, &10);
     |                  
                       
^ expected expression

error: expected 
expression, found `,`
    --> remittance_split
\src\lib.rs:1167:54
     |
1167 |         let 
result = client.initiali
ze_split(&owner, , &Addr
ess::generate(&env), 
&50, &30, &15, &5);
     |                  
                        
            ^ expected 
expression

error: expected 
expression, found `,`
    --> remittance_split
\src\lib.rs:1203:41
     |
1203 |         client.in
itialize_split(&owner, 
, &Address::generate(&en
v), &50, &30, &15, &5);
     |                  
                       
^ expected expression

error: expected 
expression, found `,`
    --> remittance_split
\src\lib.rs:1253:41
     |
1253 |         client.in
itialize_split(&owner, 
, &Address::generate(&en
v), &50, &30, &15, &5);
     |                  
                       
^ expected expression

error: expected 
expression, found `,`
    --> remittance_split
\src\lib.rs:1318:54
     |
1318 |         let 
result = client.initiali
ze_split(&owner, , &Addr
ess::generate(&env), 
&50, &30, &15, &5);
     |                  
                        
            ^ expected 
expression

error: expected 
expression, found `,`
    --> remittance_split
\src\lib.rs:1344:41
     |
1344 |         client.in
itialize_split(&owner, 
, &Address::generate(&en
v), &50, &30, &15, &5);
     |                  
                       
^ expected expression

error: expected 
expression, found `,`
    --> remittance_split
\src\lib.rs:1358:58
     |
1358 |         let 
result = client.try_init
ialize_split(&owner, , &
Address::generate(&env),
 &40, &30, &15, &5);
     |                  
                        
                ^ 
expected expression

error: expected 
expression, found `,`
    --> remittance_split
\src\lib.rs:1383:41
     |
1383 |         client.in
itialize_split(&owner, 
, &Address::generate(&en
v), &50, &30, &15, &5);
     |                  
                       
^ expected expression

error: expected 
expression, found `,`
    --> remittance_split
\src\lib.rs:1401:41
     |
1401 |         client.in
itialize_split(&owner, 
, &Address::generate(&en
v), &50, &30, &15, &5);
     |                  
                       
^ expected expression

error: expected 
expression, found `,`
    --> remittance_split
\src\lib.rs:1422:41
     |
1422 |         client.in
itialize_split(&owner, 
, &Address::generate(&en
v), &50, &30, &15, &5);
     |                  
                       
^ expected expression

error: expected 
expression, found `,`
    --> remittance_split
\src\lib.rs:1478:41
     |
1478 |         client.in
itialize_split(&owner, 
, &Address::generate(&en
v), &50, &30, &15, &5);
     |                  
                       
^ expected expression

error: expected 
expression, found `,`
    --> remittance_split
\src\lib.rs:1505:41
     |
1505 |         client.in
itialize_split(&owner, 
, &Address::generate(&en
v), &50, &30, &15, &5);
     |                  
                       
^ expected expression

error: expected 
expression, found `,`
    --> remittance_split
\src\lib.rs:1529:41
     |
1529 |         client.in
itialize_split(&owner, 
, &Address::generate(&en
v), &50, &30, &15, &5);
     |                  
                       
^ expected expression

error: expected 
expression, found `,`
    --> remittance_split
\src\lib.rs:1559:41
     |
1559 |         client.in
itialize_split(&owner, 
, &Address::generate(&en
v), &33, &33, &33, &1);
     |                  
                       
^ expected expression

error: expected 
expression, found `,`
    --> remittance_split
\src\lib.rs:1588:41
     |
1588 |         client.in
itialize_split(&owner, 
, &Address::generate(&en
v), &50, &30, &15, &5);
     |                  
                       
^ expected expression

warning: unused import: 
`soroban_sdk::testutils:
:storage::Instance as _`
    --> remittance_split
\src\lib.rs:1064:9
     |
1064 |     use soroban_s
dk::testutils::storage::
Instance as _;
     |         ^^^^^^^^^
^^^^^^^^^^^^^^^^^^^^^^^^
^^^^^^^^^^^^^
     |
     = note: `#[warn(unu
sed_imports)]` (part of 
`#[warn(unused)]`) on 
by default

warning: unused import: 
`Events`
    --> remittance_split
\src\lib.rs:1065:48
     |
1065 |     use soroban_s
dk::testutils::{Address 
as _, Events, Ledger, 
LedgerInfo};
     |                  
                        
      ^^^^^^

warning: unused import: 
`soroban_sdk::TryFromVal
`
    --> remittance_split
\src\lib.rs:1066:9
     |
1066 |     use 
soroban_sdk::TryFromVal;
     |         
^^^^^^^^^^^^^^^^^^^^^^^

error: could not 
compile 
`remittance_split` 
(lib) due to 17 
previous errors
warning: build failed, 
waiting for other jobs 
to finish...
warning: 
`remittance_split` (lib 
test) generated 3 
warnings
error: could not 
compile 
`remittance_split` (lib 
test) due to 17 
previous errors; 3 
warnings emitted
