cargo :     Finished `test` profile 
[unoptimized + debuginfo] target(s) in 0.17s
At line:1 char:1
+ cargo test --package family_wallet --lib 
2>&1 > test_output.txt; Get- ...
+ ~~~~~~~~~~~~~~~~~~~~~~~~~~~~~~~~~~~~~~~~~~~
~~~~~~~~~~~~~~~~~~~~
    + CategoryInfo          : NotSpecified:  
   (    Finished `t...get(s) in 0.17s:Strin  
  g) [], RemoteException
    + FullyQualifiedErrorId : NativeCommandE 
   rror
 
     Running unittests src\lib.rs (target\deb
ug\deps\family_wallet-88cbb319162046cc.exe)

running 75 tests
test test::test_archive_old_transactions ... ok
test test::test_cancel_transaction_by_proposer ... ok
test test::test_cancel_transaction_by_admin ... ok
test test::test_add_and_remove_family_member ... ok
test test::test_admin_can_configure_multisig ... ok
test test::test_archive_ttl_extended_on_archive_transactions ... ok
test test::test_configure_multisig ... ok
test test::test_different_thresholds_for_different_transaction_types ... ok
test test::test_data_persists_across_repeated_operations ... ok
test test::test_duplicate_signer_rejected ... ok
test test::test_duplicate_signer_with_three_members ... ok
test test::test_archive_unauthorized - should panic ... ok
test test::test_cancel_transaction_not_found - should panic ... ok
test test::test_add_member_unauthorized - should panic ... ok
test test::test_cleanup_expired_pending ... ok
test test::test_disabled_rollover_only_checks_single_tx_limits ... FAILED
test test::test_configure_multisig_unauthorized ... ok
test test::test_cleanup_unauthorized - should panic ... ok
test test::test_cumulative_spending_within_period_limit ... FAILED
test test::test_cancel_transaction_unauthorized - should panic ... ok
test test::test_duplicate_signature_prevention - should panic ... ok
test test::test_emergency_proposal_frequency_burst - should panic ... ok
test test::test_instance_ttl_extended_on_init ... ok
test test::test_empty_signers_list_rejected ... ok
test test::test_initialize_wallet_succeeds ... ok
test test::test_instance_ttl_refreshed_on_add_member ... ok
test test::test_emergency_proposal_replay_prevention - should panic ... ok
test test::test_emergency_proposal_role_misuse - should panic ... ok
test test::test_emergency_mode_direct_transfer_within_limits ... FAILED
test test::test_emergency_transfer_exceeds_limit - should panic ... ok
test test::test_emergency_transfer_min_balance_enforced - should panic ... ok
test test::test_emergency_transfer_cooldown_enforced - should panic ... FAILED
test test::test_legacy_spending_limit_fallback ... FAILED
test test::test_negative_spending_limit_rejected ... ok
test test::test_paused_contract_rejects_multisig_config - should panic ... ok
test test::test_role_expiry_cannot_be_set_for_non_member - should panic ... ok
test test::test_propose_split_config_change ... ok
test test::test_role_expiry_boundary_allows_before_expiry ... ok
test test::test_owner_admin_bypass_precision_limits ... ok
test test::test_proposal_expiry_enforced - should panic ... ok
test test::test_role_expiry_boundary_revokes_at_expiry_timestamp - should panic ... ok
test test::test_propose_role_change ... ok
test test::test_multisig_threshold_validation ... ok
test test::test_precision_validation_edge_cases ... FAILED
test test::test_propose_emergency_transfer ... ok
test test::test_role_expiry_expired_admin_cannot_renew_self - should panic ... ok
test test::test_set_proposal_expiry_success ... ok
test test::test_role_expiry_unauthorized_member_cannot_renew - should panic ... ok
test test::test_role_expiry_renewal_restores_permissions ... ok
test test::test_set_precision_spending_limit_unauthorized ... ok
test test::test_set_precision_spending_limit_success ... ok
test test::test_set_proposal_expiry_invalid_duration - should panic ... ok
test test::test_set_proposal_expiry_unauthorized - should panic ... ok
test test::test_signer_not_family_member_rejected ... ok
test test::test_set_precision_spending_limit_invalid_config ... ok
test test::test_threshold_above_maximum_rejected ... ok
test test::test_storage_stats ... ok
test test::test_rollover_validation_prevents_manipulation ... FAILED
test test::test_threshold_equals_signer_count ... ok
test test::test_threshold_bounds_return_correct_errors ... ok
test test::test_threshold_consistency_across_transaction_types ... ok
test test::test_threshold_minimum_valid ... ok
test test::test_spending_tracker_persistence ... FAILED
test test::test_threshold_exceeds_signer_count_rejected ... ok
test test::test_spending_period_rollover_resets_limits ... FAILED
test test::test_threshold_zero_rejected ... ok
test test::test_threshold_maximum_valid ... ok
test test::test_signer_list_maximum_boundary ... ok
test test::test_validate_precision_spending_below_minimum ... ok
test test::test_threshold_one_with_multiple_signers ... ok
test test::test_unauthorized_signer - should panic ... ok
test test::test_validate_precision_spending_exceeds_single_tx_limit ... ok
test test::test_withdraw_below_threshold_no_multisig ... ok
test test::test_withdraw_above_threshold_requires_multisig ... ok
test test::test_too_many_signers_rejected ... ok

failures:

---- test::test_disabled_rollover_only_checks_single_tx_limits stdout ----

thread 'test::test_disabled_rollover_only_checks_single_tx_limits' (3064) panicked at family_wallet\src\test.rs:2474:5:
assertion failed: tx1 > 0
note: run with `RUST_BACKTRACE=1` environment variable to display a backtrace
Writing test snapshot file for test "test::test_disabled_rollover_only_checks_single_tx_limits" to "test_snapshots\\test\\test_disabled_rollover_only_checks_single_tx_limits.1.json".

---- test::test_cumulative_spending_within_period_limit stdout ----

thread 'test::test_cumulative_spending_within_period_limit' (46728) panicked at family_wallet\src\test.rs:2173:5:
assertion failed: tx1 > 0
Writing test snapshot file for test "test::test_cumulative_spending_within_period_limit" to "test_snapshots\\test\\test_cumulative_spending_within_period_limit.1.json".

---- test::test_emergency_mode_direct_transfer_within_limits stdout ----

thread 'test::test_emergency_mode_direct_transfer_within_limits' (30836) panicked at family_wallet\src\test.rs:758:5:
assertion failed: last_ts.is_some()
Writing test snapshot file for test "test::test_emergency_mode_direct_transfer_within_limits" to "test_snapshots\\test\\test_emergency_mode_direct_transfer_within_limits.1.json".

---- test::test_emergency_transfer_cooldown_enforced stdout ----
Writing test snapshot file for test "test::test_emergency_transfer_cooldown_enforced" to "test_snapshots\\test\\test_emergency_transfer_cooldown_enforced.1.json".
note: test did not panic as expected at family_wallet\src\test.rs:788:4
---- test::test_legacy_spending_limit_fallback stdout ----

thread 'test::test_legacy_spending_limit_fallback' (52320) panicked at family_wallet\src\test.rs:2340:5:
assertion failed: tx1 > 0
Writing test snapshot file for test "test::test_legacy_spending_limit_fallback" to "test_snapshots\\test\\test_legacy_spending_limit_fallback.1.json".

---- test::test_precision_validation_edge_cases stdout ----

thread 'test::test_precision_validation_edge_cases' (13172) panicked at family_wallet\src\test.rs:2389:5:
assertion failed: tx1 > 0
Writing test snapshot file for test "test::test_precision_validation_edge_cases" to "test_snapshots\\test\\test_precision_validation_edge_cases.1.json".

---- test::test_rollover_validation_prevents_manipulation stdout ----

thread 'test::test_rollover_validation_prevents_manipulation' (35396) panicked at family_wallet\src\test.rs:2436:9:
assertion `left == right` failed
  left: 0
 right: 1640995200
Writing test snapshot file for test "test::test_rollover_validation_prevents_manipulation" to "test_snapshots\\test\\test_rollover_validation_prevents_manipulation.1.json".

---- test::test_spending_tracker_persistence stdout ----

thread 'test::test_spending_tracker_persistence' (52384) panicked at family_wallet\src\test.rs:2271:5:
assertion failed: tx1 > 0
Writing test snapshot file for test "test::test_spending_tracker_persistence" to "test_snapshots\\test\\test_spending_tracker_persistence.1.json".

---- test::test_spending_period_rollover_resets_limits stdout ----

thread 'test::test_spending_period_rollover_resets_limits' (35576) panicked at family_wallet\src\test.rs:2222:5:
assertion failed: tx1 > 0
Writing test snapshot file for test "test::test_spending_period_rollover_resets_limits" to "test_snapshots\\test\\test_spending_period_rollover_resets_limits.1.json".


failures:
    test::test_cumulative_spending_within_period_limit
    test::test_disabled_rollover_only_checks_single_tx_limits
    test::test_emergency_mode_direct_transfer_within_limits
    test::test_emergency_transfer_cooldown_enforced
    test::test_legacy_spending_limit_fallback
    test::test_precision_validation_edge_cases
    test::test_rollover_validation_prevents_manipulation
    test::test_spending_period_rollover_resets_limits
    test::test_spending_tracker_persistence

test result: FAILED. 66 passed; 9 failed; 0 ignored; 0 measured; 0 filtered out; finished in 2.08s

error: test failed, to rerun pass `-p 
family_wallet --lib`
